Warning: Overriding benchmark with False
Warning: Overriding epochs with 2000
Warning: Overriding algorithm with FedSGD
Warning: Overriding learning_rate with 0.01
Warning: Overriding model with simplecnn
Warning: Overriding dataset with MNIST
Warning: Overriding distribution with iid
Warning: Overriding gpu_idx with [0]
Using device: cuda:0
Traceback (most recent call last):
  File "E:\Project\FLPoison\aggregators\fldetector.py", line 226, in _kmeans_fit_predict_gpu
    import cupy as cp
ModuleNotFoundError: No module named 'cupy'

The above exception was the direct cause of the following exception:

Traceback (most recent call last):
  File "E:\Project\FLPoison\main.py", line 333, in <module>
    main(args, cli_args)
  File "E:\Project\FLPoison\main.py", line 328, in main
    fl_run(args)
  File "E:\Project\FLPoison\main.py", line 122, in fl_run
    the_server.aggregation()  # run the configured robust mean/aggregator
  File "E:\Project\FLPoison\fl\server.py", line 211, in aggregation
    self.aggregated_update = self.aggregator.aggregate(
  File "E:\Project\FLPoison\aggregators\fldetector.py", line 118, in aggregate
    if self.gap_statistics(score, num_sampling=20, K_max=10,
  File "E:\Project\FLPoison\aggregators\fldetector.py", line 292, in gap_statistics
    _, inertia = self._kmeans_fit_predict_gpu(data, n_clusters=k, n_init=10)
  File "E:\Project\FLPoison\aggregators\fldetector.py", line 229, in _kmeans_fit_predict_gpu
    raise RuntimeError(
RuntimeError: GPU KMeans requires `cupy` and `cuml`. Please install RAPIDS.
